0 verbose cli C:\Program Files\nodejs\node.exe C:\Program Files\nodejs\node_modules\npm\bin\npm-cli.js
1 info using npm@10.9.2
2 info using node@v22.17.1
3 silly config load:file:C:\Program Files\nodejs\node_modules\npm\npmrc
4 silly config load:file:C:\Users\Dell\Desktop\Portfolio\.npmrc
5 silly config load:file:C:\Users\Dell\.npmrc
6 silly config load:file:C:\Users\Dell\AppData\Roaming\npm\etc\npmrc
7 verbose title npm install framer-motion
8 verbose argv "install" "framer-motion" "--cache" ".\\.npm-cache" "--no-audit" "--no-fund"
9 verbose logfile logs-max:10 dir:C:\Users\Dell\Desktop\Portfolio\.npm-cache\_logs\2026-05-07T07_51_20_405Z-
10 verbose logfile C:\Users\Dell\Desktop\Portfolio\.npm-cache\_logs\2026-05-07T07_51_20_405Z-debug-0.log
11 silly logfile done cleaning log files
12 silly packumentCache heap:4345298944 maxSize:1086324736 maxEntrySize:543162368
13 silly idealTree buildDeps
14 silly fetch manifest framer-motion@*
15 silly packumentCache full:https://registry.npmjs.org/framer-motion cache-miss
16 http fetch GET https://registry.npmjs.org/npm attempt 1 failed with EACCES
17 http fetch GET https://registry.npmjs.org/framer-motion attempt 1 failed with EACCES
18 http fetch GET https://registry.npmjs.org/npm attempt 2 failed with EACCES
19 http fetch GET https://registry.npmjs.org/framer-motion attempt 2 failed with EACCES
20 http fetch GET https://registry.npmjs.org/npm attempt 3 failed with EACCES
21 http fetch GET https://registry.npmjs.org/framer-motion attempt 3 failed with EACCES
22 silly placeDep ROOT framer-motion@ OK for: portfolio@0.1.0 want: *
23 verbose type system
24 verbose stack FetchError: request to https://registry.npmjs.org/framer-motion failed, reason: 
24 verbose stack     at ClientRequest.<anonymous> (C:\Program Files\nodejs\node_modules\npm\node_modules\minipass-fetch\lib\index.js:130:14)
24 verbose stack     at ClientRequest.emit (node:events:518:28)
24 verbose stack     at emitErrorEvent (node:_http_client:104:11)
24 verbose stack     at _destroy (node:_http_client:898:9)
24 verbose stack     at onSocketNT (node:_http_client:918:5)
24 verbose stack     at process.processTicksAndRejections (node:internal/process/task_queues:91:21)
25 error code EACCES
26 error errno EACCES
27 error FetchError: request to https://registry.npmjs.org/framer-motion failed, reason: 
27 error     at ClientRequest.<anonymous> (C:\Program Files\nodejs\node_modules\npm\node_modules\minipass-fetch\lib\index.js:130:14)
27 error     at ClientRequest.emit (node:events:518:28)
27 error     at emitErrorEvent (node:_http_client:104:11)
27 error     at _destroy (node:_http_client:898:9)
27 error     at onSocketNT (node:_http_client:918:5)
27 error     at process.processTicksAndRejections (node:internal/process/task_queues:91:21) {
27 error   code: 'EACCES',
27 error   errno: 'EACCES',
27 error   type: 'system',
27 error   requiredBy: '.'
27 error }
28 error
28 error The operation was rejected by your operating system.
28 error It's possible that the file was already in use (by a text editor or antivirus),
28 error or that you lack permissions to access it.
28 error
28 error If you believe this might be a permissions issue, please double-check the
28 error permissions of the file and its containing directories, or try running
28 error the command again as root/Administrator.
29 silly unfinished npm timer reify 1778140280941
30 silly unfinished npm timer reify:loadTrees 1778140280943
31 verbose cwd C:\Users\Dell\Desktop\Portfolio
32 verbose os Windows_NT 10.0.26200
33 verbose node v22.17.1
34 verbose npm  v10.9.2
35 verbose exit 1
36 verbose code 1
37 error A complete log of this run can be found in: C:\Users\Dell\Desktop\Portfolio\.npm-cache\_logs\2026-05-07T07_51_20_405Z-debug-0.log
